<?xml version="1.0" encoding="UTF-8"?>
<testsuites>
  <testsuite name="CS161_Tests">
    <testcase name="Welcome Message - Exact Match" time="0.00149575"/>
    <testcase name="Case Insensitive Matching" time="0.00124108"/>
    <testcase name="Whitespace Ignoring" time="0.00122621"/>
    <testcase name="Contains String" time="0.00114292"/>
    <testcase name="Not Contains String" time="0.00137467"/>
    <testcase name="Starts With" time="0.00117821"/>
    <testcase name="Ends With" time="0.00128221"/>
    <testcase name="Regex Pattern" time="0.00162338"/>
    <testcase name="Source Code Constant - Skip Comments" time="0.00123833"/>
    <testcase name="Not Equals Test" time="0.00169567"/>
    <testcase name="Source Test - Find String in Comments" time="0.000210125"/>
    <testcase name="Source Test - Skip Comments" time="0.000596959"/>
  </testsuite>
</testsuites>
